Microchip MPLAB XC8 Compiler V2.32

Linker command line:

-W-3 --edf=C:\Program Files\Microchip\xc8\v2.32\pic\dat\en_msgs.txt -cn \
  -h+dist/default/production\Lab04_digital2.X.production.sym \
  --cmf=dist/default/production\Lab04_digital2.X.production.cmf -z -Q16F887 \
  -oC:\Users\FERNAN~1\AppData\Local\Temp\xcAs5o8.4 --defsym=__MPLAB_BUILD=1 \
  -Mdist/default/production/Lab04_digital2.X.production.map -E1 \
  -ver=XC8 Compiler --acfsm=1493 -ASTACK=0110h-016Fh -pstack=STACK \
  -ACODE=00h-07FFhx4 -ASTRCODE=00h-01FFFh -ASTRING=00h-0FFhx32 \
  -ACONST=00h-0FFhx32 -AENTRY=00h-0FFhx32 -ACOMMON=070h-07Fh \
  -ABANK0=020h-06Fh -ABANK1=0A0h-0EFh -ABANK2=0110h-016Fh \
  -ABANK3=0190h-01EFh -ARAM=020h-06Fh,0A0h-0EFh,0110h-016Fh,0190h-01EFh \
  -AABS1=020h-07Fh,0A0h-0EFh,0110h-016Fh,0190h-01EFh -ASFR0=00h-01Fh \
  -ASFR1=080h-09Fh -ASFR2=0100h-010Fh -ASFR3=0180h-018Fh \
  -ACONFIG=02007h-02008h -DCONFIG=2 -AIDLOC=02000h-02003h -DIDLOC=2 \
  -AEEDATA=00h-0FFh/02100h -peeprom_data=EEDATA -DEEDATA=2 -DCODE=2 \
  -DSTRCODE=2 -DSTRING=2 -DCONST=2 -DENTRY=2 \
  -preset_vec=00h,intentry,init,end_init -ppowerup=CODE -pcinit=CODE \
  -pfunctab=ENTRY -k C:\Users\FERNAN~1\AppData\Local\Temp\xcAs5o8.o \
  dist/default/production\Lab04_digital2.X.production.o 

Object code version is 3.11

Machine type is 16F887



                Name                               Link     Load   Length Selector   Space Scale
C:\Users\FERNAN~1\AppData\Local\Temp\xcAs5o8.o
                end_init                              0        0        3        0       0
                config                             2007     2007        2        0       4
dist/default/production\Lab04_digital2.X.production.o
                cinit                               7F2      7F2        E      FE4       0
                config                             2007     2007        2        0       4
                text23                              E94      E94        D     1D28       0
                text22                              F56      F56       2E     1EAC       0
                text21                              E78      E78        9     1CF0       0
                text20                              E81      E81        9     1D02       0
                text19                              E8A      E8A        A     1D14       0
                text18                              2D5      2D5       D8      5AA       0
                text17                              E72      E72        6     1CE4       0
                text16                              EAE      EAE       1A     1D5C       0
                text15                              EA1      EA1        D     1D42       0
                text14                               30       30       47       60       0
                text13                               77       77       52       EE       0
                text12                              EC8      EC8       1D     1D90       0
                text11                              EE5      EE5       25     1DCA       0
                text10                              F2F      F2F       27     1E5E       0
                text9                               491      491      361      922       0
                text8                               19F      19F       7C      33E       0
                text7                               21B      21B       BA      436       0
                text6                               FBC      FBC       44     1F78       0
                text5                               F0A      F0A       25     1E14       0
                text4                               12F      12F       70      25E       0
                text3                                C9       C9       66      192       0
                text2                               F84      F84       38     1F08       0
                text1                                 8        8       28       10       0
                maintext                            3AD      3AD       E4      75A       0
                cstackBANK0                          20       20       27       20       1
                cstackCOMMON                         70       70        E       70       1
                bssBANK0                             47       47        8       20       1
                strings                             800      800       1A     1000       0

TOTAL           Name                               Link     Load   Length     Space
        CLASS   STACK          

        CLASS   CODE           
                end_init                              0        0        3         0
                cinit                               7F2      7F2        E         0
                text23                              E94      E94        D         0
                text22                              F56      F56       2E         0
                text21                              E78      E78        9         0
                text20                              E81      E81        9         0
                text19                              E8A      E8A        A         0
                text18                              2D5      2D5       D8         0
                text17                              E72      E72        6         0
                text16                              EAE      EAE       1A         0
                text15                              EA1      EA1        D         0
                text14                               30       30       47         0
                text13                               77       77       52         0
                text12                              EC8      EC8       1D         0
                text11                              EE5      EE5       25         0
                text10                              F2F      F2F       27         0
                text9                               491      491      361         0
                text8                               19F      19F       7C         0
                text7                               21B      21B       BA         0
                text6                               FBC      FBC       44         0
                text5                               F0A      F0A       25         0
                text4                               12F      12F       70         0
                text3                                C9       C9       66         0
                text2                               F84      F84       38         0
                text1                                 8        8       28         0
                maintext                            3AD      3AD       E4         0

        CLASS   STRCODE        

        CLASS   STRING         
                strings                             800      800       1A         0

        CLASS   CONST          

        CLASS   ENTRY          

        CLASS   COMMON         
                cstackCOMMON                         70       70        E         1

        CLASS   BANK0          
                cstackBANK0                          20       20       27         1
                bssBANK0                             47       47        8         1

        CLASS   BANK1          

        CLASS   BANK2          

        CLASS   BANK3          

        CLASS   RAM            

        CLASS   ABS1           
                abs_s1                               7E       7E        2         1

        CLASS   SFR0           

        CLASS   SFR1           

        CLASS   SFR2           

        CLASS   SFR3           

        CLASS   CONFIG         
                config                             2007     2007        2         4

        CLASS   IDLOC          

        CLASS   EEDATA         



SEGMENTS        Name                           Load    Length   Top    Selector   Space  Class     Delta

                reset_vec                      000000  000003  000003         0       0  CODE        2
                text1                          000008  000028  000030        10       0  CODE        2
                cstackBANK0                    000020  00002F  00004F        20       1  BANK0       1
                text14                         000030  000047  000077        60       0  CODE        2
                cstackCOMMON                   000070  00000E  00007E        70       1  COMMON      1
                text13                         000077  000052  0000C9        EE       0  CODE        2
                text3                          0000C9  000066  00012F       192       0  CODE        2
                text4                          00012F  000070  00019F       25E       0  CODE        2
                text8                          00019F  00007C  00021B       33E       0  CODE        2
                text7                          00021B  0000BA  0002D5       436       0  CODE        2
                text18                         0002D5  0000D8  0003AD       5AA       0  CODE        2
                maintext                       0003AD  0000E4  000491       75A       0  CODE        2
                text9                          000491  000361  0007F2       922       0  CODE        2
                cinit                          0007F2  00000E  000800       FE4       0  CODE        2
                strings                        000800  00001A  00081A      1000       0  STRING      2
                text17                         000E72  000006  000E78      1CE4       0  CODE        2
                text21                         000E78  000009  000E81      1CF0       0  CODE        2
                text20                         000E81  000009  000E8A      1D02       0  CODE        2
                text19                         000E8A  00000A  000E94      1D14       0  CODE        2
                text23                         000E94  00000D  000EA1      1D28       0  CODE        2
                text15                         000EA1  00000D  000EAE      1D42       0  CODE        2
                text16                         000EAE  00001A  000EC8      1D5C       0  CODE        2
                text12                         000EC8  00001D  000EE5      1D90       0  CODE        2
                text11                         000EE5  000025  000F0A      1DCA       0  CODE        2
                text5                          000F0A  000025  000F2F      1E14       0  CODE        2
                text10                         000F2F  000027  000F56      1E5E       0  CODE        2
                text22                         000F56  00002E  000F84      1EAC       0  CODE        2
                text2                          000F84  000038  000FBC      1F08       0  CODE        2
                text6                          000FBC  000044  001000      1F78       0  CODE        2


UNUSED ADDRESS RANGES

        Name                Unused          Largest block    Delta
        BANK0            004F-006F             21           1
        BANK1            00A0-00EF             50           1
        BANK2            0110-016F             60           1
        BANK3            0190-01EF             60           1
        CODE             0003-0007              5           2
                         081A-0E71            658
                         1000-1FFF            800
        CONST            0003-0007              5           2
                         081A-0E71            100
                         1000-1FFF            100
        EEDATA           2100-21FF            100           2
        ENTRY            0003-0007              5           2
                         081A-0E71            100
                         1000-1FFF            100
        IDLOC            2000-2003              4           2
        RAM              004F-006F             21           1
                         00A0-00EF             50
                         0110-016F             60
                         0190-01EF             60
        SFR0             0000-001F             20           1
        SFR1             0080-009F             20           1
        SFR2             0100-010F             10           1
        SFR3             0180-018F             10           1
        STACK            0110-016F             60           1
        STRCODE          0003-0007              5           2
                         081A-0E71            658
                         1000-1FFF           1000
        STRING           0003-0007              5           2
                         081A-0E71            100
                         1000-1FFF            100

                                  Symbol Table

?_I2C_Master_Read          cstackCOMMON 0070
?__Umul8_16                cstackCOMMON 0070
?___flmul                  cstackBANK0  0020
?___fltol                  cstackBANK0  003A
?___lldiv                  cstackCOMMON 0070
?___lwdiv                  cstackCOMMON 0070
?___wmul                   cstackCOMMON 0070
?___xxtofl                 cstackCOMMON 0070
I2C_Master_Init@c          cstackBANK0  0020
I2C_Master_Read@a          cstackCOMMON 0070
I2C_Master_Read@temp       cstackCOMMON 0074
I2C_Master_Write@d         cstackCOMMON 0070
Lcd_Cmd@a                  cstackCOMMON 0073
Lcd_Port@a                 cstackCOMMON 0070
Lcd_Set_Cursor@a           cstackCOMMON 0077
Lcd_Set_Cursor@b           cstackCOMMON 0074
Lcd_Set_Cursor@temp        cstackCOMMON 007A
Lcd_Set_Cursor@y           cstackCOMMON 0079
Lcd_Set_Cursor@z           cstackCOMMON 0078
Lcd_Write_Char@a           cstackCOMMON 0072
Lcd_Write_Char@temp        cstackCOMMON 0073
Lcd_Write_Char@y           cstackCOMMON 0074
Lcd_Write_String@a         cstackCOMMON 0077
Lcd_Write_String@i         cstackCOMMON 0075
_ANSEL                     (abs)        0188
_ANSELH                    (abs)        0189
_GIE                       (abs)        005F
_I2C_Command               text18       02D5
_I2C_Master_Init           text2        0F84
_I2C_Master_Read           text22       0F56
_I2C_Master_Start          text21       0E78
_I2C_Master_Stop           text20       0E81
_I2C_Master_Wait           text23       0E94
_I2C_Master_Write          text19       0E8A
_INTCONbits                (abs)        000B
_Lcd_Clear                 text15       0EA1
_Lcd_Cmd                   text16       0EAE
_Lcd_Init                  text14       0030
_Lcd_Port                  text17       0E72
_Lcd_Set_Cursor            text13       0077
_Lcd_Write_Char            text12       0EC8
_Lcd_Write_String          text11       0EE5
_OSCCONbits                (abs)        008F
_PEIE                      (abs)        005E
_PORTA                     (abs)        0005
_PORTB                     (abs)        0006
_PORTC                     (abs)        0007
_PORTD                     (abs)        0008
_PORTE                     (abs)        0009
_RE0                       (abs)        0048
_RE1                       (abs)        0049
_SSPADD                    (abs)        0093
_SSPBUF                    (abs)        0013
_SSPCON                    (abs)        0014
_SSPCON2                   (abs)        0091
_SSPCON2bits               (abs)        0091
_SSPIE                     (abs)        0463
_SSPIF                     (abs)        0063
_SSPSTAT                   (abs)        0094
_TRISA                     (abs)        0085
_TRISB                     (abs)        0086
_TRISC                     (abs)        0087
_TRISC3                    (abs)        043B
_TRISC4                    (abs)        043C
_TRISCbits                 (abs)        0087
_TRISD                     (abs)        0088
_TRISE                     (abs)        0089
__Habs1                    abs1         0000
__Hbank0                   bank0        0000
__Hbank1                   bank1        0000
__Hbank2                   bank2        0000
__Hbank3                   bank3        0000
__HbssBANK0                bssBANK0     0000
__Hcinit                   cinit        0800
__Hclrtext                 clrtext      0000
__Hcode                    code         0000
__Hcommon                  common       0000
__Hconfig                  config       2009
__HcstackBANK0             cstackBANK0  0000
__HcstackCOMMON            cstackCOMMON 0000
__Heeprom_data             eeprom_data  0000
__Hend_init                end_init     0003
__Hfunctab                 functab      0000
__Hinit                    init         0000
__Hintentry                intentry     0000
__Hmaintext                maintext     0000
__Hpowerup                 powerup      0000
__Hram                     ram          0000
__Hreset_vec               reset_vec    0000
__Hsfr0                    sfr0         0000
__Hsfr1                    sfr1         0000
__Hsfr2                    sfr2         0000
__Hsfr3                    sfr3         0000
__Hspace_0                 (abs)        1000
__Hspace_1                 (abs)        007E
__Hspace_2                 (abs)        0000
__Hspace_3                 (abs)        0000
__Hspace_4                 (abs)        4010
__Hstack                   stack        0000
__Hstrings                 strings      0000
__Htext                    text         0000
__Labs1                    abs1         0000
__Lbank0                   bank0        0000
__Lbank1                   bank1        0000
__Lbank2                   bank2        0000
__Lbank3                   bank3        0000
__LbssBANK0                bssBANK0     0000
__Lcinit                   cinit        07F2
__Lclrtext                 clrtext      0000
__Lcode                    code         0000
__Lcommon                  common       0000
__Lconfig                  config       0000
__LcstackBANK0             cstackBANK0  0000
__LcstackCOMMON            cstackCOMMON 0000
__Leeprom_data             eeprom_data  0000
__Lend_init                end_init     0000
__Lfunctab                 functab      0000
__Linit                    init         0000
__Lintentry                intentry     0000
__Lmaintext                maintext     0000
__Lpowerup                 powerup      0000
__Lram                     ram          0000
__Lreset_vec               reset_vec    0000
__Lsfr0                    sfr0         0000
__Lsfr1                    sfr1         0000
__Lsfr2                    sfr2         0000
__Lsfr3                    sfr3         0000
__Lspace_0                 (abs)        0000
__Lspace_1                 (abs)        0000
__Lspace_2                 (abs)        0000
__Lspace_3                 (abs)        0000
__Lspace_4                 (abs)        0000
__Lstack                   stack        0000
__Lstrings                 strings      0000
__Ltext                    text         0000
__S0                       (abs)        1000
__S1                       (abs)        007E
__S2                       (abs)        0000
__S3                       (abs)        0000
__Umul8_16                 text10       0F2F
__Umul8_16@multiplicand    cstackCOMMON 0070
__Umul8_16@multiplier      cstackCOMMON 0078
__Umul8_16@product         cstackCOMMON 0074
__Umul8_16@word_mpld       cstackCOMMON 0076
___flmul                   text9        0491
___flmul@a                 cstackBANK0  0024
___flmul@aexp              cstackBANK0  0032
___flmul@b                 cstackBANK0  0020
___flmul@bexp              cstackBANK0  0033
___flmul@grs               cstackBANK0  002E
___flmul@prod              cstackBANK0  0034
___flmul@sign              cstackBANK0  002D
___flmul@temp              cstackBANK0  0038
___fltol                   text8        019F
___fltol@exp1              cstackBANK0  0044
___fltol@f1                cstackBANK0  003A
___fltol@sign1             cstackBANK0  0043
___int_sp                  stack        0000
___latbits                 (abs)        0002
___lldiv                   text3        00C9
___lldiv@counter           cstackCOMMON 007D
___lldiv@dividend          cstackCOMMON 0074
___lldiv@divisor           cstackCOMMON 0070
___lldiv@quotient          cstackCOMMON 0079
___lwdiv                   text6        0FBC
___lwdiv@counter           cstackCOMMON 0077
___lwdiv@dividend          cstackCOMMON 0072
___lwdiv@divisor           cstackCOMMON 0070
___lwdiv@quotient          cstackCOMMON 0075
___sp                      stack        0000
___stackhi                 (abs)        0000
___stacklo                 (abs)        0000
___wmul                    text5        0F0A
___wmul@multiplicand       cstackCOMMON 0072
___wmul@multiplier         cstackCOMMON 0070
___wmul@product            cstackCOMMON 0074
___xxtofl                  text7        021B
___xxtofl@arg              cstackCOMMON 007A
___xxtofl@exp              cstackCOMMON 0079
___xxtofl@sign             cstackCOMMON 0078
___xxtofl@val              cstackCOMMON 0070
__end_of_I2C_Command       text18       03AD
__end_of_I2C_Master_Init   text2        0FBC
__end_of_I2C_Master_Read   text22       0F84
__end_of_I2C_Master_Start  text21       0E81
__end_of_I2C_Master_Stop   text20       0E8A
__end_of_I2C_Master_Wait   text23       0EA1
__end_of_I2C_Master_Write  text19       0E94
__end_of_Lcd_Clear         text15       0EAE
__end_of_Lcd_Cmd           text16       0EC8
__end_of_Lcd_Init          text14       0077
__end_of_Lcd_Port          text17       0E78
__end_of_Lcd_Set_Cursor    text13       00C9
__end_of_Lcd_Write_Char    text12       0EE5
__end_of_Lcd_Write_String  text11       0F0A
__end_of__Umul8_16         text10       0F56
__end_of___flmul           text9        07F2
__end_of___fltol           text8        021B
__end_of___lldiv           text3        012F
__end_of___lwdiv           text6        1000
__end_of___wmul            text5        0F2F
__end_of___xxtofl          text7        02D5
__end_of__initialization   cinit        07FC
__end_of__stringtab        strings      0806
__end_of_char_2_dec        text4        019F
__end_of_initCONFIG        text1        0030
__end_of_main              maintext     0491
__initialization           cinit        07F2
__pbssBANK0                bssBANK0     0047
__pcstackBANK0             cstackBANK0  0020
__pcstackCOMMON            cstackCOMMON 0070
__pmaintext                maintext     03AD
__pstrings                 strings      0800
__ptext1                   text1        0008
__ptext10                  text10       0F2F
__ptext11                  text11       0EE5
__ptext12                  text12       0EC8
__ptext13                  text13       0077
__ptext14                  text14       0030
__ptext15                  text15       0EA1
__ptext16                  text16       0EAE
__ptext17                  text17       0E72
__ptext18                  text18       02D5
__ptext19                  text19       0E8A
__ptext2                   text2        0F84
__ptext20                  text20       0E81
__ptext21                  text21       0E78
__ptext22                  text22       0F56
__ptext23                  text23       0E94
__ptext3                   text3        00C9
__ptext4                   text4        012F
__ptext5                   text5        0F0A
__ptext6                   text6        0FBC
__ptext7                   text7        021B
__ptext8                   text8        019F
__ptext9                   text9        0491
__size_of_I2C_Command      (abs)        0000
__size_of_I2C_Master_Init  (abs)        0000
__size_of_I2C_Master_Read  (abs)        0000
__size_of_I2C_Master_Start (abs)        0000
__size_of_I2C_Master_Stop  (abs)        0000
__size_of_I2C_Master_Wait  (abs)        0000
__size_of_I2C_Master_Write (abs)        0000
__size_of_Lcd_Clear        (abs)        0000
__size_of_Lcd_Cmd          (abs)        0000
__size_of_Lcd_Init         (abs)        0000
__size_of_Lcd_Port         (abs)        0000
__size_of_Lcd_Set_Cursor   (abs)        0000
__size_of_Lcd_Write_Char   (abs)        0000
__size_of_Lcd_Write_String (abs)        0000
__size_of__Umul8_16        (abs)        0000
__size_of___flmul          (abs)        0000
__size_of___fltol          (abs)        0000
__size_of___lldiv          (abs)        0000
__size_of___lwdiv          (abs)        0000
__size_of___wmul           (abs)        0000
__size_of___xxtofl         (abs)        0000
__size_of_char_2_dec       (abs)        0000
__size_of_initCONFIG       (abs)        0000
__size_of_main             (abs)        0000
__stringbase               strings      0805
__stringtab                strings      0800
_c                         bssBANK0     004D
_char_2_dec                text4        012F
_dec0                      bssBANK0     004C
_dec1                      bssBANK0     004B
_initCONFIG                text1        0008
_main                      maintext     03AD
_temp                      bssBANK0     0047
_unit0                     bssBANK0     004E
_var0                      bssBANK0     0049
btemp                      (abs)        007E
char_2_dec@z               cstackCOMMON 0078
char_2_dec@zeta            cstackCOMMON 007C
end_of_initialization      cinit        07FC
intlevel0                  functab      0000
intlevel1                  functab      0000
intlevel2                  functab      0000
intlevel3                  functab      0000
intlevel4                  functab      0000
intlevel5                  functab      0000
reset_vec                  reset_vec    0000
start                      init         0000
start_initialization       cinit        07F2
wtemp0                     (abs)        007E


MODULE INFORMATION

Module		Function		Class		Link	Load	Size
C:\Program Files\Microchip\xc8\v2.32\pic\sources\c90\common\xxtofl.c
		___xxtofl      		CODE           	021B	0000	186

C:\Program Files\Microchip\xc8\v2.32\pic\sources\c90\common\xxtofl.c estimated size: 186

I2C.c
		_I2C_Master_Read		CODE           	0F56	0000	46
		_I2C_Master_Wait		CODE           	0E94	0000	13
		_I2C_Master_Init		CODE           	0F84	0000	56
		_I2C_Master_Stop		CODE           	0E81	0000	9
		_I2C_Master_Write		CODE           	0E8A	0000	10
		_I2C_Master_Start		CODE           	0E78	0000	9

I2C.c estimated size: 143

C:\Program Files\Microchip\xc8\v2.32\pic\sources\c90\common\Umul8_16.c
		__Umul8_16     		CODE           	0F2F	0000	39

C:\Program Files\Microchip\xc8\v2.32\pic\sources\c90\common\Umul8_16.c estimated size: 39

LAB4_main.c
		_char_2_dec    		CODE           	012F	0000	112
		_main          		CODE           	03AD	0000	228
		_initCONFIG    		CODE           	0008	0000	40
		_I2C_Command   		CODE           	02D5	0000	216

LAB4_main.c estimated size: 596

shared
		__stringtab    		STRING         	0800	0000	6
		__initialization		CODE           	07F2	0000	10

shared estimated size: 16

C:\Program Files\Microchip\xc8\v2.32\pic\sources\c90\common\sprcmul.c
		___flmul       		CODE           	0491	0000	865

C:\Program Files\Microchip\xc8\v2.32\pic\sources\c90\common\sprcmul.c estimated size: 865

C:\Program Files\Microchip\xc8\v2.32\pic\sources\c90\common\lwdiv.c
		___lwdiv       		CODE           	0FBC	0000	68

C:\Program Files\Microchip\xc8\v2.32\pic\sources\c90\common\lwdiv.c estimated size: 68

C:\Program Files\Microchip\xc8\v2.32\pic\sources\c90\common\Umul16.c
		___wmul        		CODE           	0F0A	0000	37

C:\Program Files\Microchip\xc8\v2.32\pic\sources\c90\common\Umul16.c estimated size: 37

C:\Program Files\Microchip\xc8\v2.32\pic\sources\c90\common\fltol.c
		___fltol       		CODE           	019F	0000	124

C:\Program Files\Microchip\xc8\v2.32\pic\sources\c90\common\fltol.c estimated size: 124

C:\Program Files\Microchip\xc8\v2.32\pic\sources\c90\common\__lldiv.c
		___lldiv       		CODE           	00C9	0000	102

C:\Program Files\Microchip\xc8\v2.32\pic\sources\c90\common\__lldiv.c estimated size: 102

LCD.c
		_Lcd_Write_String		CODE           	0EE5	0000	37
		_Lcd_Init      		CODE           	0030	0000	71
		_Lcd_Write_Char		CODE           	0EC8	0000	29
		_Lcd_Cmd       		CODE           	0EAE	0000	26
		_Lcd_Set_Cursor		CODE           	0077	0000	82
		_Lcd_Clear     		CODE           	0EA1	0000	13
		_Lcd_Port      		CODE           	0E72	0000	6

LCD.c estimated size: 264

